// Vitest Snapshot v1

exports[`statement > happy path 1`] = `
"Statement for BigCo
Hamlet: $650.00 (55 seats)
As You Like It: $405.00 (35 seats)
Othello: $500.00 (40 seats)
Amount owed is $1,555.00
You earned 47 credits
"
`;

exports[`statement > result should be a Object 1`] = `
"Statement for BigCo
Hamlet: $650.00 (55 seats)
As You Like It: $405.00 (35 seats)
Othello: $500.00 (40 seats)
Amount owed is $1,555.00
You earned 47 credits
"
`;
